Microsoft (R) Build Engine Version 3.5.30729.4926
[Microsoft .NET Framework, Version 2.0.50727.4959]
Copyright (C) Microsoft Corporation 2007. All rights reserved.

Build started 03/05/2011 00:27:08.
Project "c:\dev\github\Coypu\src\Coypu.sln" on node 0 (default targets).
  Building solution configuration "Debug|Any CPU".
Project "c:\dev\github\Coypu\src\Coypu.sln" (1) is building "c:\dev\github\Coypu\src\Coypu\Coypu.csproj" (2) on node 0 (default targets).
  Processing 0 EDMX files.
  Finished processing 0 EDMX files.
CoreCompile:
Skipping target "CoreCompile" because all output files are up-to-date with respect to the input files.
CopyFilesToOutputDirectory:
  Coypu -> c:\dev\github\Coypu\src\Coypu\bin\Debug\Coypu.dll
Done Building Project "c:\dev\github\Coypu\src\Coypu\Coypu.csproj" (default targets).
Project "c:\dev\github\Coypu\src\Coypu.sln" (1) is building "c:\dev\github\Coypu\src\Coypu.AcceptanceTests\Coypu.AcceptanceTests.csproj" (3) on node 0 (default targets).
  Processing 0 EDMX files.
  Finished processing 0 EDMX files.
CoreCompile:
Skipping target "CoreCompile" because all output files are up-to-date with respect to the input files.
CopyFilesToOutputDirectory:
  Coypu.AcceptanceTests -> c:\dev\github\Coypu\src\Coypu.AcceptanceTests\bin\Debug\Coypu.AcceptanceTests.dll
Done Building Project "c:\dev\github\Coypu\src\Coypu.AcceptanceTests\Coypu.AcceptanceTests.csproj" (default targets).
Project "c:\dev\github\Coypu\src\Coypu.sln" (1) is building "c:\dev\github\Coypu\src\Coypu.Tests\Coypu.Tests.csproj" (4) on node 0 (default targets).
  Processing 0 EDMX files.
  Finished processing 0 EDMX files.
CoreCompile:
Skipping target "CoreCompile" because all output files are up-to-date with respect to the input files.
CopyFilesToOutputDirectory:
  Coypu.Tests -> c:\dev\github\Coypu\src\Coypu.Tests\bin\Debug\Coypu.Tests.dll
Done Building Project "c:\dev\github\Coypu\src\Coypu.Tests\Coypu.Tests.csproj" (default targets).
Project "c:\dev\github\Coypu\src\Coypu.sln" (1) is building "c:\dev\github\Coypu\src\Coypu.Drivers.Tests\Coypu.Drivers.Tests.csproj" (5) on node 0 (default targets).
  Processing 0 EDMX files.
  Finished processing 0 EDMX files.
When_interacting_with_dialogs.cs(14,5): warning CS0162: Unreachable code detected
_CopyAppConfigFile:
Skipping target "_CopyAppConfigFile" because all output files are up-to-date with respect to the input files.
CopyFilesToOutputDirectory:
  Copying file from "obj\Debug\Coypu.Drivers.Tests.dll" to "bin\Debug\Coypu.Drivers.Tests.dll".
  Coypu.Drivers.Tests -> c:\dev\github\Coypu\src\Coypu.Drivers.Tests\bin\Debug\Coypu.Drivers.Tests.dll
  Copying file from "obj\Debug\Coypu.Drivers.Tests.pdb" to "bin\Debug\Coypu.Drivers.Tests.pdb".
Done Building Project "c:\dev\github\Coypu\src\Coypu.Drivers.Tests\Coypu.Drivers.Tests.csproj" (default targets).
Done Building Project "c:\dev\github\Coypu\src\Coypu.sln" (default targets).

Build succeeded.

"c:\dev\github\Coypu\src\Coypu.sln" (default target) (1) ->
"c:\dev\github\Coypu\src\Coypu.Drivers.Tests\Coypu.Drivers.Tests.csproj" (default target) (5) ->
(CoreCompile target) -> 
  When_interacting_with_dialogs.cs(14,5): warning CS0162: Unreachable code detected

    1 Warning(s)
    0 Error(s)

Time Elapsed 00:00:01.05
(in c:/dev/github/Coypu)
F, [2011-05-03T00:29:32.454111 #4672] FATAL -- : NUnit Failed. See Build Log For Detail
Terminate batch job (Y/N)? 
